Godot Engine v4.7.stable.mono.official.5b4e0cb0f - https://godotengine.org

[LadderSmoke] Driver active.
[LadderSmoke] tick=300 state=EncounterActive encounter=breach_05 remaining=1
ERROR: System.InvalidOperationException: Collection was modified; enumeration operation may not execute.
   at System.Collections.Generic.List`1.Enumerator.MoveNext()
   at System.Linq.Enumerable.ListWhereIterator`1.MoveNext()
   at ProjectMannequin.Stage.ArcadeEncounterDirector.TrackAndCleanupDefeatedActors(Int32 tick, ICollection`1 events) in C:\Users\Joseph Bundrant\Code Projects\SideScroller\Scripts\Stage\ArcadeEncounterDirector.cs:line 1691
   at ProjectMannequin.Stage.ArcadeEncounterDirector.UpdateAfterSimulation(Int32 tick, ICollection`1 events) in C:\Users\Joseph Bundrant\Code Projects\SideScroller\Scripts\Stage\ArcadeEncounterDirector.cs:line 557
   at ProjectMannequin.Core.GameSimulation.StepSimulation() in C:\Users\Joseph Bundrant\Code Projects\SideScroller\Scripts\Core\GameSimulation.cs:line 478
   at ProjectMannequin.DebugTools.WorldLadderSmokeRunner._Process(Double delta) in C:\Users\Joseph Bundrant\Code Projects\SideScroller\Scripts\Debug\WorldLadderSmokeRunner.cs:line 57
   at Godot.Node.InvokeGodotClassMethod(godot_string_name& method, NativeVariantPtrArgs args, godot_variant& ret) in /root/godot/modules/mono/glue/GodotSharp/GodotSharp/Generated/GodotObjects/Node.cs:line 2654
   at ProjectMannequin.DebugTools.WorldLadderSmokeRunner.InvokeGodotClassMethod(godot_string_name& method, NativeVariantPtrArgs args, godot_variant& ret) in C:\Users\Joseph Bundrant\Code Projects\SideScroller\.godot\mono\temp\obj\Debug\Godot.SourceGenerators\Godot.SourceGenerators.ScriptMethodsGenerator\ProjectMannequin.DebugTools.WorldLadderSmokeRunner_ScriptMethods.generated.cs:line 50
   at Godot.Bridge.CSharpInstanceBridge.Call(IntPtr godotObjectGCHandle, godot_string_name* method, godot_variant** args, Int32 argCount, godot_variant_call_error* refCallError, godot_variant* ret) in /root/godot/modules/mono/glue/GodotSharp/GodotSharp/Core/Bridge/CSharpInstanceBridge.cs:line 24
   at: void Godot.NativeInterop.ExceptionUtils.LogException(System.Exception) (/root/godot/modules/mono/glue/GodotSharp/GodotSharp/Core/NativeInterop/ExceptionUtils.cs:113)
   C# backtrace (most recent call first):
       [0] void Godot.GD.PushError(string) (/root/godot/modules/mono/glue/GodotSharp/GodotSharp/Core/GD.cs:366)
       [1] void Godot.NativeInterop.ExceptionUtils.LogException(System.Exception) (/root/godot/modules/mono/glue/GodotSharp/GodotSharp/Core/NativeInterop/ExceptionUtils.cs:113)
       [2] Godot.NativeInterop.godot_bool Godot.Bridge.CSharpInstanceBridge.Call(nint, Godot.NativeInterop.godot_string_name*, Godot.NativeInterop.godot_variant**, int, Godot.NativeInterop.godot_variant_call_error*, Godot.NativeInterop.godot_variant*) (/root/godot/modules/mono/glue/GodotSharp/GodotSharp/Core/Bridge/CSharpInstanceBridge.cs:24)
[LadderSmoke] tick=600 state=EncounterActive encounter=breach_06 remaining=3
ERROR: System.InvalidOperationException: Collection was modified; enumeration operation may not execute.
   at System.Collections.Generic.List`1.Enumerator.MoveNext()
   at System.Linq.Enumerable.ListWhereIterator`1.MoveNext()
   at ProjectMannequin.Stage.ArcadeEncounterDirector.TrackAndCleanupDefeatedActors(Int32 tick, ICollection`1 events) in C:\Users\Joseph Bundrant\Code Projects\SideScroller\Scripts\Stage\ArcadeEncounterDirector.cs:line 1691
   at ProjectMannequin.Stage.ArcadeEncounterDirector.UpdateAfterSimulation(Int32 tick, ICollection`1 events) in C:\Users\Joseph Bundrant\Code Projects\SideScroller\Scripts\Stage\ArcadeEncounterDirector.cs:line 557
   at ProjectMannequin.Core.GameSimulation.StepSimulation() in C:\Users\Joseph Bundrant\Code Projects\SideScroller\Scripts\Core\GameSimulation.cs:line 478
   at ProjectMannequin.Core.GameSimulation._PhysicsProcess(Double delta) in C:\Users\Joseph Bundrant\Code Projects\SideScroller\Scripts\Core\GameSimulation.cs:line 262
   at Godot.Node.InvokeGodotClassMethod(godot_string_name& method, NativeVariantPtrArgs args, godot_variant& ret) in /root/godot/modules/mono/glue/GodotSharp/GodotSharp/Generated/GodotObjects/Node.cs:line 2648
   at ProjectMannequin.Core.GameSimulation.InvokeGodotClassMethod(godot_string_name& method, NativeVariantPtrArgs args, godot_variant& ret) in C:\Users\Joseph Bundrant\Code Projects\SideScroller\.godot\mono\temp\obj\Debug\Godot.SourceGenerators\Godot.SourceGenerators.ScriptMethodsGenerator\ProjectMannequin.Core.GameSimulation_ScriptMethods.generated.cs:line 200
   at Godot.Bridge.CSharpInstanceBridge.Call(IntPtr godotObjectGCHandle, godot_string_name* method, godot_variant** args, Int32 argCount, godot_variant_call_error* refCallError, godot_variant* ret) in /root/godot/modules/mono/glue/GodotSharp/GodotSharp/Core/Bridge/CSharpInstanceBridge.cs:line 24
   at: void Godot.NativeInterop.ExceptionUtils.LogException(System.Exception) (/root/godot/modules/mono/glue/GodotSharp/GodotSharp/Core/NativeInterop/ExceptionUtils.cs:113)
   C# backtrace (most recent call first):
       [0] void Godot.GD.PushError(string) (/root/godot/modules/mono/glue/GodotSharp/GodotSharp/Core/GD.cs:366)
       [1] void Godot.NativeInterop.ExceptionUtils.LogException(System.Exception) (/root/godot/modules/mono/glue/GodotSharp/GodotSharp/Core/NativeInterop/ExceptionUtils.cs:113)
       [2] Godot.NativeInterop.godot_bool Godot.Bridge.CSharpInstanceBridge.Call(nint, Godot.NativeInterop.godot_string_name*, Godot.NativeInterop.godot_variant**, int, Godot.NativeInterop.godot_variant_call_error*, Godot.NativeInterop.godot_variant*) (/root/godot/modules/mono/glue/GodotSharp/GodotSharp/Core/Bridge/CSharpInstanceBridge.cs:24)
ERROR: System.InvalidOperationException: Collection was modified; enumeration operation may not execute.
   at System.Collections.Generic.List`1.Enumerator.MoveNext()
   at System.Linq.Enumerable.ListWhereIterator`1.MoveNext()
   at ProjectMannequin.Stage.ArcadeEncounterDirector.TrackAndCleanupDefeatedActors(Int32 tick, ICollection`1 events) in C:\Users\Joseph Bundrant\Code Projects\SideScroller\Scripts\Stage\ArcadeEncounterDirector.cs:line 1691
   at ProjectMannequin.Stage.ArcadeEncounterDirector.UpdateAfterSimulation(Int32 tick, ICollection`1 events) in C:\Users\Joseph Bundrant\Code Projects\SideScroller\Scripts\Stage\ArcadeEncounterDirector.cs:line 557
   at ProjectMannequin.Core.GameSimulation.StepSimulation() in C:\Users\Joseph Bundrant\Code Projects\SideScroller\Scripts\Core\GameSimulation.cs:line 478
   at ProjectMannequin.DebugTools.WorldLadderSmokeRunner._Process(Double delta) in C:\Users\Joseph Bundrant\Code Projects\SideScroller\Scripts\Debug\WorldLadderSmokeRunner.cs:line 57
   at Godot.Node.InvokeGodotClassMethod(godot_string_name& method, NativeVariantPtrArgs args, godot_variant& ret) in /root/godot/modules/mono/glue/GodotSharp/GodotSharp/Generated/GodotObjects/Node.cs:line 2654
   at ProjectMannequin.DebugTools.WorldLadderSmokeRunner.InvokeGodotClassMethod(godot_string_name& method, NativeVariantPtrArgs args, godot_variant& ret) in C:\Users\Joseph Bundrant\Code Projects\SideScroller\.godot\mono\temp\obj\Debug\Godot.SourceGenerators\Godot.SourceGenerators.ScriptMethodsGenerator\ProjectMannequin.DebugTools.WorldLadderSmokeRunner_ScriptMethods.generated.cs:line 50
   at Godot.Bridge.CSharpInstanceBridge.Call(IntPtr godotObjectGCHandle, godot_string_name* method, godot_variant** args, Int32 argCount, godot_variant_call_error* refCallError, godot_variant* ret) in /root/godot/modules/mono/glue/GodotSharp/GodotSharp/Core/Bridge/CSharpInstanceBridge.cs:line 24
   at: void Godot.NativeInterop.ExceptionUtils.LogException(System.Exception) (/root/godot/modules/mono/glue/GodotSharp/GodotSharp/Core/NativeInterop/ExceptionUtils.cs:113)
   C# backtrace (most recent call first):
       [0] void Godot.GD.PushError(string) (/root/godot/modules/mono/glue/GodotSharp/GodotSharp/Core/GD.cs:366)
       [1] void Godot.NativeInterop.ExceptionUtils.LogException(System.Exception) (/root/godot/modules/mono/glue/GodotSharp/GodotSharp/Core/NativeInterop/ExceptionUtils.cs:113)
       [2] Godot.NativeInterop.godot_bool Godot.Bridge.CSharpInstanceBridge.Call(nint, Godot.NativeInterop.godot_string_name*, Godot.NativeInterop.godot_variant**, int, Godot.NativeInterop.godot_variant_call_error*, Godot.NativeInterop.godot_variant*) (/root/godot/modules/mono/glue/GodotSharp/GodotSharp/Core/Bridge/CSharpInstanceBridge.cs:24)
[LadderSmoke] tick=900 state=Traveling encounter=archive_nexus_stage_3_elite remaining=4
[LadderSmoke] SUMMARY passed=True stage=3 hordes=2 elite=True brain=True completed=True results=True hazard=True unlock=False eliteIntro=True/True/True eliteBar=True hazards=4/4 explosion=True/True lanes=False/False/False awaitSwap=False tick=1079
